{
  "success": true,
  "checks": [
    "actual WASM loads with no permission prompt",
    "embedded fuzzy results",
    "completion is separate from launch",
    "completion never launches",
    "locked mode delivers Ctrl+T and arrows",
    "selected tool simulation",
    "keyboard back",
    "history copy without launch",
    "history replay",
    "F1 help",
    "invalid path preserved",
    "F5 fixture reset",
    "noncontiguous fuzzy matching in WASM",
    "mouse suggestion completes without launch",
    "suggestion click is completion only",
    "mouse tool selection",
    "mouse hold/release cannot launch",
    "explicit mouse form launch",
    "mouse back",
    "repeated Enter in simulation adds no extra history events",
    "mouse history selection without launch",
    "mouse copy into form",
    "explicit mouse history replay",
    "bracketed Unicode paste is literal",
    "Unicode preserves input right border at column 78",
    "mouse CJK continuation places grapheme-safe caret",
    "wide resize preserves state",
    "wide layout right border stays aligned",
    "wheel on heading does not change focus",
    "wheel over history focuses only that section",
    "help wheel scroll",
    "mouse exits scrolled help",
    "narrow interactive layout",
    "small guard",
    "small guard blocks launch",
    "availability fixture toggle",
    "normal mode host shortcut does not select tools",
    "locked mode restores domain shortcut delivery",
    "host manifest confirms exact WASM and surviving shell identity",
    "Quit closes only the plugin, session survives",
    "host readback confirms plugin removed and same ordinary pane survives",
    "ordinary shell pane remains usable",
    "WASM reloads in split alongside surviving ordinary pane",
    "Ctrl+Q closes only own split plugin pane, preserving shell in same tab",
    "Ctrl+G then Ctrl+Q exits the host normally"
  ],
  "passed": 45,
  "host": "zellij 0.45.1",
  "wasm": "/home/piclaw/Projects/zellij-launchpad/target/wasm32-wasip1/release/launchpad-plugin.wasm",
  "sha256": "5913d562883b47180e40f949c84eeafe7d3f71586e8fa34c2e091956b02fe3ea",
  "command": [
    "zellij",
    "--config",
    "/home/piclaw/Projects/zellij-launchpad/target/zj-990d9f22/config.kdl",
    "--layout-string",
    "// Run from the repository root. For another checkout, update the absolute WASM path.\nlayout {\n    tab name=\"Launch\" focus=true {\n        pane borderless=true {\n            plugin location=\"file:/home/piclaw/Projects/zellij-launchpad/target/wasm32-wasip1/release/launchpad-plugin.wasm\" { demo \"true\"; }\n        }\n    }\n    tab name=\"Shell\" {\n        pane name=\"Shell\" command=\"sh\"\n    }\n}\n"
  ],
  "evidence": "/home/piclaw/Projects/zellij-launchpad/target/zj-990d9f22",
  "termios_restored": true
}
