{
  "passed": 51,
  "checks": [
    "startup in real PTY",
    "all ten initial events visible at 80x24",
    "bare notes fuzzy search",
    "ambiguous nested result has full path",
    "Enter accepts highlighted completion only",
    "Ctrl+T and tool arrows",
    "simulated launch",
    "completion resolves actual cwd",
    "duplicate Enter remains frozen",
    "return from placeholder",
    "history replay retains tool",
    "history Tab copies without launch",
    "invalid directory inline error",
    "unavailable recent never falls back",
    "explicit available replacement",
    "shell-looking filename kept literal",
    "literal fixture launch",
    "Unicode input in real terminal stream",
    "expanded 120x36 layout",
    "40x12 scroll reaches last history entry",
    "help scroll reaches last line at 40x12",
    "compact guard",
    "restore from compact never launched",
    "mouse: capture and SGR reporting enabled",
    "mouse: suggestion accepts only",
    "mouse: suggestion did not launch",
    "mouse: tool selects only",
    "mouse: release/right/middle/drag/move/modifier/blank/out-of-bounds ignored",
    "mouse: explicit launch",
    "mouse: terminal back",
    "mouse: history row selects without launch",
    "mouse: history copy",
    "mouse: explicit history replay",
    "mouse: Unicode cursor placement respects wide and combining cells",
    "mouse: horizontally scrolled input uses visible origin",
    "mouse: help wheel scrolls",
    "mouse: help close",
    "mouse: suggestion wheel highlights",
    "mouse: suggestion wheel clamps at end",
    "mouse: wheel-highlighted suggestion click accepts",
    "mouse: compact history wheel reaches last entry",
    "mouse: unrelated wheel does not steal focus",
    "mouse: compact history copy",
    "mouse: wrapped tool selection",
    "mouse: compact explicit launch",
    "mouse: roomy tool geometry",
    "mouse: queued click during resize ignored",
    "mouse: tiny layout has no active mouse targets",
    "mouse: reset restores fixtures",
    "Ctrl+Q exits zero and restores termios, alternate screen and bracketed paste",
    "mouse: capture disabled at exit"
  ],
  "exit_code": 0,
  "keyboard_checks": 24,
  "mouse_checks": 27,
  "mouse_capture_restored": true,
  "termios_restored": true,
  "raw_bytes": 150353,
  "binary": "/home/piclaw/Projects/zellij-launchpad/target/release/zellij-launchpad-prototype"
}
